[0.061s] DEBUG:colcon:Command line arguments: ['/usr/bin/colcon', 'list', '-p', '--base-paths', '/home/tgzast/multiverse-mission-pao-chacha/src', '--log-base', '/dev/null']
[0.061s] DEBUG:colcon:Parsed command line arguments: Namespace(log_base=None, log_level=None, verb_name='list', build_base='build', ignore_user_meta=False, metas=['./colcon.meta'], base_paths=['/home/tgzast/multiverse-mission-pao-chacha/src', '--log-base', '/dev/null'], packages_ignore=None, packages_ignore_regex=None, paths=None, packages_up_to=None, packages_up_to_regex=None, packages_above=None, packages_above_and_dependencies=None, packages_above_depth=None, packages_select_by_dep=None, packages_skip_by_dep=None, packages_skip_up_to=None, packages_select_build_failed=False, packages_skip_build_finished=False, packages_select_test_failures=False, packages_skip_test_passed=False, packages_select=None, packages_skip=None, packages_select_regex=None, packages_skip_regex=None, packages_start=None, packages_end=None, allow_overriding=[], topological_order=False, names_only=False, paths_only=True, topological_graph=False, topological_graph_dot=False, topological_graph_density=False, topological_graph_legend=False, topological_graph_dot_cluster=False, topological_graph_dot_include_skipped=False, mixin_files=None, mixin=None, verb_parser=<colcon_mixin.mixin.mixin_argument.MixinArgumentDecorator object at 0x7eb520d7b8e0>, verb_extension=<colcon_package_information.verb.list.ListVerb object at 0x7eb520d7a890>, main=<bound method ListVerb.main of <colcon_package_information.verb.list.ListVerb object at 0x7eb520d7a890>>, mixin_verb=('list',))
[0.166s] Level 1:colcon.colcon_core.package_discovery:discover_packages(colcon_meta) check parameters
[0.166s] Level 1:colcon.colcon_core.package_discovery:discover_packages(recursive) check parameters
[0.166s] Level 1:colcon.colcon_core.package_discovery:discover_packages(ignore) check parameters
[0.166s] Level 1:colcon.colcon_core.package_discovery:discover_packages(path) check parameters
[0.166s] Level 1:colcon.colcon_core.package_discovery:discover_packages(recursive) discover
[0.166s] INFO:colcon.colcon_core.package_discovery:Crawling recursively for packages in '/home/tgzast/multiverse-mission-pao-chacha/src', '/home/tgzast/multiverse-mission-pao-chacha/src/--log-base', '/dev/null'
[0.167s] Level 1:colcon.colcon_core.package_identification:_identify(/home/tgzast/multiverse-mission-pao-chacha/src) by extensions ['ignore', 'ignore_ament_install']
[0.167s] Level 1:colcon.colcon_core.package_identification:_identify(/home/tgzast/multiverse-mission-pao-chacha/src) by extension 'ignore'
[0.167s] Level 1:colcon.colcon_core.package_identification:_identify(/home/tgzast/multiverse-mission-pao-chacha/src) by extension 'ignore_ament_install'
[0.167s] Level 1:colcon.colcon_core.package_identification:_identify(/home/tgzast/multiverse-mission-pao-chacha/src) by extensions ['colcon_pkg']
[0.167s] Level 1:colcon.colcon_core.package_identification:_identify(/home/tgzast/multiverse-mission-pao-chacha/src) by extension 'colcon_pkg'
[0.167s] Level 1:colcon.colcon_core.package_identification:_identify(/home/tgzast/multiverse-mission-pao-chacha/src) by extensions ['colcon_meta']
[0.167s] Level 1:colcon.colcon_core.package_identification:_identify(/home/tgzast/multiverse-mission-pao-chacha/src) by extension 'colcon_meta'
[0.167s] Level 1:colcon.colcon_core.package_identification:_identify(/home/tgzast/multiverse-mission-pao-chacha/src) by extensions ['ros']
[0.167s] Level 1:colcon.colcon_core.package_identification:_identify(/home/tgzast/multiverse-mission-pao-chacha/src) by extension 'ros'
[0.178s] Level 1:colcon.colcon_core.package_identification:_identify(/home/tgzast/multiverse-mission-pao-chacha/src) by extensions ['cmake', 'python']
[0.178s] Level 1:colcon.colcon_core.package_identification:_identify(/home/tgzast/multiverse-mission-pao-chacha/src) by extension 'cmake'
[0.178s] Level 1:colcon.colcon_core.package_identification:_identify(/home/tgzast/multiverse-mission-pao-chacha/src) by extension 'python'
[0.178s] Level 1:colcon.colcon_core.package_identification:_identify(/home/tgzast/multiverse-mission-pao-chacha/src) by extensions ['python_setup_py']
[0.178s] Level 1:colcon.colcon_core.package_identification:_identify(/home/tgzast/multiverse-mission-pao-chacha/src) by extension 'python_setup_py'
[0.179s] Level 1:colcon.colcon_core.package_identification:_identify(/home/tgzast/multiverse-mission-pao-chacha/src/exam1) by extensions ['ignore', 'ignore_ament_install']
[0.179s] Level 1:colcon.colcon_core.package_identification:_identify(/home/tgzast/multiverse-mission-pao-chacha/src/exam1) by extension 'ignore'
[0.179s] Level 1:colcon.colcon_core.package_identification:_identify(/home/tgzast/multiverse-mission-pao-chacha/src/exam1) by extension 'ignore_ament_install'
[0.179s] Level 1:colcon.colcon_core.package_identification:_identify(/home/tgzast/multiverse-mission-pao-chacha/src/exam1) by extensions ['colcon_pkg']
[0.179s] Level 1:colcon.colcon_core.package_identification:_identify(/home/tgzast/multiverse-mission-pao-chacha/src/exam1) by extension 'colcon_pkg'
[0.179s] Level 1:colcon.colcon_core.package_identification:_identify(/home/tgzast/multiverse-mission-pao-chacha/src/exam1) by extensions ['colcon_meta']
[0.179s] Level 1:colcon.colcon_core.package_identification:_identify(/home/tgzast/multiverse-mission-pao-chacha/src/exam1) by extension 'colcon_meta'
[0.179s] Level 1:colcon.colcon_core.package_identification:_identify(/home/tgzast/multiverse-mission-pao-chacha/src/exam1) by extensions ['ros']
[0.179s] Level 1:colcon.colcon_core.package_identification:_identify(/home/tgzast/multiverse-mission-pao-chacha/src/exam1) by extension 'ros'
[0.180s] DEBUG:colcon.colcon_core.package_identification:Package '/home/tgzast/multiverse-mission-pao-chacha/src/exam1' with type 'ros.ament_cmake' and name 'exam1'
[0.180s] Level 1:colcon.colcon_core.package_identification:_identify(/home/tgzast/multiverse-mission-pao-chacha/src/log) by extensions ['ignore', 'ignore_ament_install']
[0.180s] Level 1:colcon.colcon_core.package_identification:_identify(/home/tgzast/multiverse-mission-pao-chacha/src/log) by extension 'ignore'
[0.180s] Level 1:colcon.colcon_core.package_identification:_identify(/home/tgzast/multiverse-mission-pao-chacha/src/log) ignored
[0.180s] Level 1:colcon.colcon_core.package_identification:_identify(/home/tgzast/multiverse-mission-pao-chacha/src/turtlesim_plus) by extensions ['ignore', 'ignore_ament_install']
[0.181s] Level 1:colcon.colcon_core.package_identification:_identify(/home/tgzast/multiverse-mission-pao-chacha/src/turtlesim_plus) by extension 'ignore'
[0.181s] Level 1:colcon.colcon_core.package_identification:_identify(/home/tgzast/multiverse-mission-pao-chacha/src/turtlesim_plus) by extension 'ignore_ament_install'
[0.181s] Level 1:colcon.colcon_core.package_identification:_identify(/home/tgzast/multiverse-mission-pao-chacha/src/turtlesim_plus) by extensions ['colcon_pkg']
[0.181s] Level 1:colcon.colcon_core.package_identification:_identify(/home/tgzast/multiverse-mission-pao-chacha/src/turtlesim_plus) by extension 'colcon_pkg'
[0.181s] Level 1:colcon.colcon_core.package_identification:_identify(/home/tgzast/multiverse-mission-pao-chacha/src/turtlesim_plus) by extensions ['colcon_meta']
[0.181s] Level 1:colcon.colcon_core.package_identification:_identify(/home/tgzast/multiverse-mission-pao-chacha/src/turtlesim_plus) by extension 'colcon_meta'
[0.181s] Level 1:colcon.colcon_core.package_identification:_identify(/home/tgzast/multiverse-mission-pao-chacha/src/turtlesim_plus) by extensions ['ros']
[0.181s] Level 1:colcon.colcon_core.package_identification:_identify(/home/tgzast/multiverse-mission-pao-chacha/src/turtlesim_plus) by extension 'ros'
[0.181s] Level 1:colcon.colcon_core.package_identification:_identify(/home/tgzast/multiverse-mission-pao-chacha/src/turtlesim_plus) by extensions ['cmake', 'python']
[0.181s] Level 1:colcon.colcon_core.package_identification:_identify(/home/tgzast/multiverse-mission-pao-chacha/src/turtlesim_plus) by extension 'cmake'
[0.181s] Level 1:colcon.colcon_core.package_identification:_identify(/home/tgzast/multiverse-mission-pao-chacha/src/turtlesim_plus) by extension 'python'
[0.181s] Level 1:colcon.colcon_core.package_identification:_identify(/home/tgzast/multiverse-mission-pao-chacha/src/turtlesim_plus) by extensions ['python_setup_py']
[0.181s] Level 1:colcon.colcon_core.package_identification:_identify(/home/tgzast/multiverse-mission-pao-chacha/src/turtlesim_plus) by extension 'python_setup_py'
[0.181s] Level 1:colcon.colcon_core.package_identification:_identify(/home/tgzast/multiverse-mission-pao-chacha/src/turtlesim_plus/turtlesim_plus) by extensions ['ignore', 'ignore_ament_install']
[0.181s] Level 1:colcon.colcon_core.package_identification:_identify(/home/tgzast/multiverse-mission-pao-chacha/src/turtlesim_plus/turtlesim_plus) by extension 'ignore'
[0.181s] Level 1:colcon.colcon_core.package_identification:_identify(/home/tgzast/multiverse-mission-pao-chacha/src/turtlesim_plus/turtlesim_plus) by extension 'ignore_ament_install'
[0.181s] Level 1:colcon.colcon_core.package_identification:_identify(/home/tgzast/multiverse-mission-pao-chacha/src/turtlesim_plus/turtlesim_plus) by extensions ['colcon_pkg']
[0.181s] Level 1:colcon.colcon_core.package_identification:_identify(/home/tgzast/multiverse-mission-pao-chacha/src/turtlesim_plus/turtlesim_plus) by extension 'colcon_pkg'
[0.181s] Level 1:colcon.colcon_core.package_identification:_identify(/home/tgzast/multiverse-mission-pao-chacha/src/turtlesim_plus/turtlesim_plus) by extensions ['colcon_meta']
[0.181s] Level 1:colcon.colcon_core.package_identification:_identify(/home/tgzast/multiverse-mission-pao-chacha/src/turtlesim_plus/turtlesim_plus) by extension 'colcon_meta'
[0.181s] Level 1:colcon.colcon_core.package_identification:_identify(/home/tgzast/multiverse-mission-pao-chacha/src/turtlesim_plus/turtlesim_plus) by extensions ['ros']
[0.181s] Level 1:colcon.colcon_core.package_identification:_identify(/home/tgzast/multiverse-mission-pao-chacha/src/turtlesim_plus/turtlesim_plus) by extension 'ros'
[0.182s] DEBUG:colcon.colcon_core.package_identification:Package '/home/tgzast/multiverse-mission-pao-chacha/src/turtlesim_plus/turtlesim_plus' with type 'ros.ament_cmake' and name 'turtlesim_plus'
[0.182s] Level 1:colcon.colcon_core.package_identification:_identify(/home/tgzast/multiverse-mission-pao-chacha/src/turtlesim_plus/turtlesim_plus_interfaces) by extensions ['ignore', 'ignore_ament_install']
[0.182s] Level 1:colcon.colcon_core.package_identification:_identify(/home/tgzast/multiverse-mission-pao-chacha/src/turtlesim_plus/turtlesim_plus_interfaces) by extension 'ignore'
[0.182s] Level 1:colcon.colcon_core.package_identification:_identify(/home/tgzast/multiverse-mission-pao-chacha/src/turtlesim_plus/turtlesim_plus_interfaces) by extension 'ignore_ament_install'
[0.182s] Level 1:colcon.colcon_core.package_identification:_identify(/home/tgzast/multiverse-mission-pao-chacha/src/turtlesim_plus/turtlesim_plus_interfaces) by extensions ['colcon_pkg']
[0.182s] Level 1:colcon.colcon_core.package_identification:_identify(/home/tgzast/multiverse-mission-pao-chacha/src/turtlesim_plus/turtlesim_plus_interfaces) by extension 'colcon_pkg'
[0.182s] Level 1:colcon.colcon_core.package_identification:_identify(/home/tgzast/multiverse-mission-pao-chacha/src/turtlesim_plus/turtlesim_plus_interfaces) by extensions ['colcon_meta']
[0.182s] Level 1:colcon.colcon_core.package_identification:_identify(/home/tgzast/multiverse-mission-pao-chacha/src/turtlesim_plus/turtlesim_plus_interfaces) by extension 'colcon_meta'
[0.182s] Level 1:colcon.colcon_core.package_identification:_identify(/home/tgzast/multiverse-mission-pao-chacha/src/turtlesim_plus/turtlesim_plus_interfaces) by extensions ['ros']
[0.182s] Level 1:colcon.colcon_core.package_identification:_identify(/home/tgzast/multiverse-mission-pao-chacha/src/turtlesim_plus/turtlesim_plus_interfaces) by extension 'ros'
[0.182s] DEBUG:colcon.colcon_core.package_identification:Package '/home/tgzast/multiverse-mission-pao-chacha/src/turtlesim_plus/turtlesim_plus_interfaces' with type 'ros.ament_cmake' and name 'turtlesim_plus_interfaces'
[0.182s] Level 1:colcon.colcon_core.package_discovery:discover_packages(recursive) using defaults
